// Jest Snapshot v1, https://goo.gl/fbAQLP

exports[` 1`] = `
<div>
  <div
    class="lds-spinner"
  >
    <div />
    <div />
    <div />
    <div />
    <div />
    <div />
    <div />
    <div />
    <div />
    <div />
    <div />
    <div />
  </div>
</div>
`;
